// Jest Snapshot v1, https://goo.gl/fbAQLP

exports[`Button should render a default button with text 1`] = `
<button>
  Button
</button>
`;
